Reusing configuration cache.
> Task :desktopApp:checkKotlinGradlePluginConfigurationErrors SKIPPED
> Task :desktopApp:generateComposeResClass SKIPPED
> Task :shared:convertXmlValueResourcesForJvmMain NO-SOURCE
> Task :shared:generateExpectResourceCollectorsForCommonMain UP-TO-DATE
> Task :shared:generateComposeResClass UP-TO-DATE
> Task :shared:kmpPartiallyResolvedDependenciesChecker
> Task :shared:convertXmlValueResourcesForCommonMain NO-SOURCE
> Task :shared:copyNonXmlValueResourcesForJvmMain NO-SOURCE
> Task :shared:checkKotlinGradlePluginConfigurationErrors SKIPPED
> Task :shared:checkJvmMainComposeLibrariesCompatibility
> Task :desktopApp:convertXmlValueResourcesForMain NO-SOURCE
> Task :desktopApp:copyNonXmlValueResourcesForMain NO-SOURCE
> Task :desktopApp:prepareAppResources NO-SOURCE
> Task :shared:prepareComposeResourcesTaskForJvmMain NO-SOURCE
> Task :desktopApp:prepareComposeResourcesTaskForMain NO-SOURCE
> Task :desktopApp:generateResourceAccessorsForMain SKIPPED
> Task :shared:copyNonXmlValueResourcesForCommonMain UP-TO-DATE
> Task :shared:generateResourceAccessorsForJvmMain NO-SOURCE
> Task :shared:prepareComposeResourcesTaskForCommonMain UP-TO-DATE
> Task :desktopApp:assembleMainResources UP-TO-DATE
> Task :desktopApp:generateActualResourceCollectorsForMain SKIPPED
> Task :shared:generateResourceAccessorsForCommonMain UP-TO-DATE
> Task :shared:assembleJvmMainResources UP-TO-DATE
> Task :shared:generateActualResourceCollectorsForJvmMain UP-TO-DATE
> Task :shared:jvmProcessResources UP-TO-DATE
> Task :desktopApp:processResources UP-TO-DATE
> Task :shared:processJvmMainResources SKIPPED
> Task :shared:compileKotlinJvm UP-TO-DATE
> Task :shared:compileJvmMainJava NO-SOURCE
> Task :shared:jvmMainClasses UP-TO-DATE
> Task :shared:jvmJar UP-TO-DATE
> Task :desktopApp:compileKotlin UP-TO-DATE
> Task :desktopApp:compileJava NO-SOURCE
> Task :desktopApp:classes UP-TO-DATE
> Task :desktopApp:jar
> Task :desktopApp:run

BUILD SUCCESSFUL in 7m 1s
17 actionable tasks: 4 executed, 13 up-to-date
Configuration cache entry reused.
